Release 14.7 - xst P.20131013 (nt64)
Copyright (c) 1995-2013 Xilinx, Inc.  All rights reserved.
--> Parameter TMPDIR set to xst/projnav.tmp


Total REAL time to Xst completion: 0.00 secs
Total CPU time to Xst completion: 0.12 secs
 
--> Parameter xsthdpdir set to xst


Total REAL time to Xst completion: 0.00 secs
Total CPU time to Xst completion: 0.12 secs
 
--> Reading design: password.prj

TABLE OF CONTENTS
  1) Synthesis Options Summary
  2) HDL Parsing
  3) HDL Elaboration
  4) HDL Synthesis
       4.1) HDL Synthesis Report
  5) Advanced HDL Synthesis
       5.1) Advanced HDL Synthesis Report
  6) Low Level Synthesis
  7) Partition Report
  8) Design Summary
       8.1) Primitive and Black Box Usage
       8.2) Device utilization summary
       8.3) Partition Resource Summary
       8.4) Timing Report
            8.4.1) Clock Information
            8.4.2) Asynchronous Control Signals Information
            8.4.3) Timing Summary
            8.4.4) Timing Details
            8.4.5) Cross Clock Domains Report


=========================================================================
*                      Synthesis Options Summary                        *
=========================================================================
---- Source Parameters
Input File Name                    : "password.prj"
Ignore Synthesis Constraint File   : NO

---- Target Parameters
Output File Name                   : "password"
Output Format                      : NGC
Target Device                      : xc6slx4-3-tqg144

---- Source Options
Top Module Name                    : password
Automatic FSM Extraction           : YES
FSM Encoding Algorithm             : Auto
Safe Implementation                : No
FSM Style                          : LUT
RAM Extraction                     : Yes
RAM Style                          : Auto
ROM Extraction                     : Yes
Shift Register Extraction          : YES
ROM Style                          : Auto
Resource Sharing                   : YES
Asynchronous To Synchronous        : NO
Shift Register Minimum Size        : 2
Use DSP Block                      : Auto
Automatic Register Balancing       : No

---- Target Options
LUT Combining                      : Auto
Reduce Control Sets                : Auto
Add IO Buffers                     : YES
Global Maximum Fanout              : 100000
Add Generic Clock Buffer(BUFG)     : 16
Register Duplication               : YES
Optimize Instantiated Primitives   : NO
Use Clock Enable                   : Auto
Use Synchronous Set                : Auto
Use Synchronous Reset              : Auto
Pack IO Registers into IOBs        : Auto
Equivalent register Removal        : YES

---- General Options
Optimization Goal                  : Speed
Optimization Effort                : 1
Power Reduction                    : NO
Keep Hierarchy                     : No
Netlist Hierarchy                  : As_Optimized
RTL Output                         : Yes
Global Optimization                : AllClockNets
Read Cores                         : YES
Write Timing Constraints           : NO
Cross Clock Analysis               : NO
Hierarchy Separator                : /
Bus Delimiter                      : <>
Case Specifier                     : Maintain
Slice Utilization Ratio            : 100
BRAM Utilization Ratio             : 100
DSP48 Utilization Ratio            : 100
Auto BRAM Packing                  : NO
Slice Utilization Ratio Delta      : 5

=========================================================================


=========================================================================
*                          HDL Parsing                                  *
=========================================================================
Parsing VHDL file "C:\Users\marco\Documents\XilinxProjects\porta\contatore_mod4.vhd" into library work
Parsing entity <contatore_mod4>.
Parsing architecture <Behavioral> of entity <contatore_mod4>.
Parsing VHDL file "C:\Users\marco\Documents\XilinxProjects\porta\controllore.vhd" into library work
Parsing entity <controllore>.
Parsing architecture <Behavioral> of entity <controllore>.
Parsing VHDL file "C:\Users\marco\Documents\XilinxProjects\porta\accumulatore_mod3.vhd" into library work
Parsing entity <accumulatore_mod3>.
Parsing architecture <Behavioral> of entity <accumulatore_mod3>.
Parsing VHDL file "C:\Users\marco\Documents\XilinxProjects\porta\password.vhd" into library work
Parsing entity <password>.
Parsing architecture <Behavioral> of entity <password>.

=========================================================================
*                            HDL Elaboration                            *
=========================================================================

Elaborating entity <password> (architecture <Behavioral>) from library <work>.

Elaborating entity <controllore> (architecture <Behavioral>) from library <work>.

Elaborating entity <accumulatore_mod3> (architecture <Behavioral>) from library <work>.

Elaborating entity <contatore_mod4> (architecture <Behavioral>) from library <work>.
WARNING:HDLCompiler:92 - "C:\Users\marco\Documents\XilinxProjects\porta\password.vhd" Line 307: password_corretta should be on the sensitivity list of the process
WARNING:HDLCompiler:92 - "C:\Users\marco\Documents\XilinxProjects\porta\password.vhd" Line 312: password_corretta should be on the sensitivity list of the process
WARNING:HDLCompiler:92 - "C:\Users\marco\Documents\XilinxProjects\porta\password.vhd" Line 317: password_corretta should be on the sensitivity list of the process

=========================================================================
*                           HDL Synthesis                               *
=========================================================================

Synthesizing Unit <password>.
    Related source file is "C:\Users\marco\Documents\XilinxProjects\porta\password.vhd".
    Found 4-bit register for signal <current_state>.
    Found 1-bit 3-to-1 multiplexer for signal <current_state[3]_PWR_3_o_Mux_87_o> created at line 113.
WARNING:Xst:737 - Found 1-bit latch for signal <next_state<3>>. Latches may be generated from incomplete case or if statements. We do not recommend the use of latches in FPGA/CPLD designs, as they may lead to timing problems.
WARNING:Xst:737 - Found 1-bit latch for signal <next_state<2>>. Latches may be generated from incomplete case or if statements. We do not recommend the use of latches in FPGA/CPLD designs, as they may lead to timing problems.
WARNING:Xst:737 - Found 1-bit latch for signal <next_state<1>>. Latches may be generated from incomplete case or if statements. We do not recommend the use of latches in FPGA/CPLD designs, as they may lead to timing problems.
WARNING:Xst:737 - Found 1-bit latch for signal <next_state<0>>. Latches may be generated from incomplete case or if statements. We do not recommend the use of latches in FPGA/CPLD designs, as they may lead to timing problems.
WARNING:Xst:737 - Found 1-bit latch for signal <porta_aperta>. Latches may be generated from incomplete case or if statements. We do not recommend the use of latches in FPGA/CPLD designs, as they may lead to timing problems.
WARNING:Xst:737 - Found 1-bit latch for signal <rst_controllore>. Latches may be generated from incomplete case or if statements. We do not recommend the use of latches in FPGA/CPLD designs, as they may lead to timing problems.
WARNING:Xst:737 - Found 1-bit latch for signal <rst_tentativi>. Latches may be generated from incomplete case or if statements. We do not recommend the use of latches in FPGA/CPLD designs, as they may lead to timing problems.
WARNING:Xst:737 - Found 1-bit latch for signal <inserimento_corretto>. Latches may be generated from incomplete case or if statements. We do not recommend the use of latches in FPGA/CPLD designs, as they may lead to timing problems.
WARNING:Xst:737 - Found 1-bit latch for signal <prossimo_tentativo>. Latches may be generated from incomplete case or if statements. We do not recommend the use of latches in FPGA/CPLD designs, as they may lead to timing problems.
    Summary:
	inferred   4 D-type flip-flop(s).
	inferred   9 Latch(s).
	inferred  94 Multiplexer(s).
Unit <password> synthesized.

Synthesizing Unit <controllore>.
    Related source file is "C:\Users\marco\Documents\XilinxProjects\porta\controllore.vhd".
    Summary:
	no macro.
Unit <controllore> synthesized.

Synthesizing Unit <accumulatore_mod3>.
    Related source file is "C:\Users\marco\Documents\XilinxProjects\porta\accumulatore_mod3.vhd".
    Summary:
	no macro.
Unit <accumulatore_mod3> synthesized.

Synthesizing Unit <contatore_mod4>.
    Related source file is "C:\Users\marco\Documents\XilinxProjects\porta\contatore_mod4.vhd".
    Found 2-bit register for signal <counter_up>.
    Found 2-bit adder for signal <counter_up[1]_GND_8_o_add_0_OUT> created at line 48.
    Summary:
	inferred   1 Adder/Subtractor(s).
	inferred   2 D-type flip-flop(s).
Unit <contatore_mod4> synthesized.

=========================================================================
HDL Synthesis Report

Macro Statistics
# Adders/Subtractors                                   : 1
 2-bit adder                                           : 1
# Registers                                            : 2
 2-bit register                                        : 1
 4-bit register                                        : 1
# Latches                                              : 9
 1-bit latch                                           : 9
# Multiplexers                                         : 94
 1-bit 2-to-1 multiplexer                              : 93
 1-bit 3-to-1 multiplexer                              : 1

=========================================================================

=========================================================================
*                       Advanced HDL Synthesis                          *
=========================================================================


Synthesizing (advanced) Unit <contatore_mod4>.
The following registers are absorbed into counter <counter_up>: 1 register on signal <counter_up>.
Unit <contatore_mod4> synthesized (advanced).

=========================================================================
Advanced HDL Synthesis Report

Macro Statistics
# Counters                                             : 1
 2-bit up counter                                      : 1
# Registers                                            : 4
 Flip-Flops                                            : 4
# Multiplexers                                         : 94
 1-bit 2-to-1 multiplexer                              : 93
 1-bit 3-to-1 multiplexer                              : 1

=========================================================================

=========================================================================
*                         Low Level Synthesis                           *
=========================================================================
WARNING:Xst:2170 - Unit password : the following signal(s) form a combinatorial loop: password_corretta.

Optimizing unit <password> ...
WARNING:Xst:1294 - Latch <rst_controllore> is equivalent to a wire in block <password>.
WARNING:Xst:1294 - Latch <next_state_2> is equivalent to a wire in block <password>.
WARNING:Xst:1294 - Latch <next_state_1> is equivalent to a wire in block <password>.
WARNING:Xst:1294 - Latch <rst_tentativi> is equivalent to a wire in block <password>.
WARNING:Xst:1294 - Latch <next_state_3> is equivalent to a wire in block <password>.
WARNING:Xst:1294 - Latch <next_state_0> is equivalent to a wire in block <password>.
WARNING:Xst:1294 - Latch <porta_aperta> is equivalent to a wire in block <password>.

Mapping all equations...
Building and optimizing final netlist ...
Found area constraint ratio of 100 (+ 5) on block password, actual ratio is 1.

Final Macro Processing ...

=========================================================================
Final Register Report

Macro Statistics
# Registers                                            : 6
 Flip-Flops                                            : 6

=========================================================================

=========================================================================
*                           Partition Report                            *
=========================================================================

Partition Implementation Status
-------------------------------

  No Partitions were found in this design.

-------------------------------

=========================================================================
*                            Design Summary                             *
=========================================================================

Top Level Output File Name         : password.ngc

Primitive and Black Box Usage:
------------------------------
# BELS                             : 30
#      INV                         : 1
#      LUT2                        : 4
#      LUT3                        : 5
#      LUT4                        : 3
#      LUT5                        : 7
#      LUT6                        : 10
# FlipFlops/Latches                : 8
#      FDR                         : 6
#      LD                          : 2
# Clock Buffers                    : 1
#      BUFG                        : 1
# IO Buffers                       : 13
#      IBUF                        : 11
#      OBUF                        : 2

Device utilization summary:
---------------------------

Selected Device : 6slx4tqg144-3 


Slice Logic Utilization: 
 Number of Slice Registers:               8  out of   4800     0%  
 Number of Slice LUTs:                   30  out of   2400     1%  
    Number used as Logic:                30  out of   2400     1%  

Slice Logic Distribution: 
 Number of LUT Flip Flop pairs used:     30
   Number with an unused Flip Flop:      22  out of     30    73%  
   Number with an unused LUT:             0  out of     30     0%  
   Number of fully used LUT-FF pairs:     8  out of     30    26%  
   Number of unique control sets:         3

IO Utilization: 
 Number of IOs:                          13
 Number of bonded IOBs:                  13  out of    102    12%  

Specific Feature Utilization:
 Number of BUFG/BUFGCTRLs:                1  out of     16     6%  

---------------------------
Partition Resource Summary:
---------------------------

  No Partitions were found in this design.

---------------------------


=========================================================================
Timing Report

NOTE: THESE TIMING NUMBERS ARE ONLY A SYNTHESIS ESTIMATE.
      FOR ACCURATE TIMING INFORMATION PLEASE REFER TO THE TRACE REPORT
      GENERATED AFTER PLACE-and-ROUTE.

Clock Information:
------------------
-------------------------------------------------------------------------------+---------------------------------------------+-------+
Clock Signal                                                                   | Clock buffer(FF name)                       | Load  |
-------------------------------------------------------------------------------+---------------------------------------------+-------+
clk                                                                            | IBUF+BUFG                                   | 4     |
current_state[3]_PWR_16_o_Mux_94_o(Mmux_current_state[3]_PWR_16_o_Mux_94_o11:O)| NONE(*)(inserimento_corretto)               | 2     |
contatore_tentativi/clk_star(contatore_tentativi/clk_star1:O)                  | NONE(*)(contatore_tentativi/c1/counter_up_0)| 2     |
-------------------------------------------------------------------------------+---------------------------------------------+-------+
(*) These 2 clock signal(s) are generated by combinatorial logic,
and XST is not able to identify which are the primary clock signals.
Please use the CLOCK_SIGNAL constraint to specify the clock signal(s) generated by combinatorial logic.
INFO:Xst:2169 - HDL ADVISOR - Some clock signals were not automatically buffered by XST with BUFG/BUFR resources. Please use the buffer_type constraint in order to insert these buffers to the clock signals to help prevent skew problems.

Asynchronous Control Signals Information:
----------------------------------------
No asynchronous control signals found in this design

Timing Summary:
---------------
Speed Grade: -3

   Minimum period: 3.865ns (Maximum Frequency: 258.726MHz)
   Minimum input arrival time before clock: 7.032ns
   Maximum output required time after clock: 7.255ns
   Maximum combinational path delay: 9.136ns

Timing Details:
---------------
All values displayed in nanoseconds (ns)

=========================================================================
Timing constraint: Default period analysis for Clock 'clk'
  Clock period: 3.865ns (frequency: 258.725MHz)
  Total number of paths / destination ports: 43 / 4
-------------------------------------------------------------------------
Delay:               3.865ns (Levels of Logic = 3)
  Source:            current_state_3 (FF)
  Destination:       current_state_0 (FF)
  Source Clock:      clk rising
  Destination Clock: clk rising

  Data Path: current_state_3 to current_state_0
                                Gate     Net
    Cell:in->out      fanout   Delay   Delay  Logical Name (Net Name)
    ----------------------------------------  ------------
     FDR:C->Q             14   0.447   1.062  current_state_3 (current_state_3)
     LUT5:I3->O            3   0.203   0.898  Mmux_current_state[3]_X_3_o_Mux_91_o111 (Mmux_current_state[3]_X_3_o_Mux_91_o11)
     LUT5:I1->O            6   0.203   0.745  controllore_inserimento/S1 (password_corretta)
     LUT6:I5->O            1   0.205   0.000  Mmux_current_state[3]_PWR_3_o_Mux_87_o115 (next_state<3>)
     FDR:D                     0.102          current_state_3
    ----------------------------------------
    Total                      3.865ns (1.160ns logic, 2.705ns route)
                                       (30.0% logic, 70.0% route)

=========================================================================
Timing constraint: Default period analysis for Clock 'current_state[3]_PWR_16_o_Mux_94_o'
  Clock period: 2.474ns (frequency: 404.269MHz)
  Total number of paths / destination ports: 1 / 1
-------------------------------------------------------------------------
Delay:               2.474ns (Levels of Logic = 2)
  Source:            inserimento_corretto (LATCH)
  Destination:       prossimo_tentativo (LATCH)
  Source Clock:      current_state[3]_PWR_16_o_Mux_94_o falling
  Destination Clock: current_state[3]_PWR_16_o_Mux_94_o falling

  Data Path: inserimento_corretto to prossimo_tentativo
                                Gate     Net
    Cell:in->out      fanout   Delay   Delay  Logical Name (Net Name)
    ----------------------------------------  ------------
     LD:G->Q               1   0.498   0.684  inserimento_corretto (inserimento_corretto)
     LUT5:I3->O            6   0.203   0.849  controllore_inserimento/S1 (password_corretta)
     LUT3:I1->O            1   0.203   0.000  Mmux_current_state[3]_X_3_o_Mux_95_o11 (current_state[3]_X_3_o_Mux_95_o)
     LD:D                      0.037          prossimo_tentativo
    ----------------------------------------
    Total                      2.474ns (0.941ns logic, 1.533ns route)
                                       (38.0% logic, 62.0% route)

=========================================================================
Timing constraint: Default period analysis for Clock 'contatore_tentativi/clk_star'
  Clock period: 2.627ns (frequency: 380.691MHz)
  Total number of paths / destination ports: 5 / 4
-------------------------------------------------------------------------
Delay:               2.627ns (Levels of Logic = 1)
  Source:            contatore_tentativi/c1/counter_up_1 (FF)
  Destination:       contatore_tentativi/c1/counter_up_0 (FF)
  Source Clock:      contatore_tentativi/clk_star rising
  Destination Clock: contatore_tentativi/clk_star rising

  Data Path: contatore_tentativi/c1/counter_up_1 to contatore_tentativi/c1/counter_up_0
                                Gate     Net
    Cell:in->out      fanout   Delay   Delay  Logical Name (Net Name)
    ----------------------------------------  ------------
     FDR:C->Q              4   0.447   0.931  contatore_tentativi/c1/counter_up_1 (contatore_tentativi/c1/counter_up_1)
     LUT6:I2->O            2   0.203   0.616  Mmux_current_state[3]_X_3_o_Mux_91_o12 (rst_tentativi)
     FDR:R                     0.430          contatore_tentativi/c1/counter_up_0
    ----------------------------------------
    Total                      2.627ns (1.080ns logic, 1.547ns route)
                                       (41.1% logic, 58.9% route)

=========================================================================
Timing constraint: Default OFFSET IN BEFORE for Clock 'clk'
  Total number of paths / destination ports: 77 / 8
-------------------------------------------------------------------------
Offset:              5.775ns (Levels of Logic = 5)
  Source:            row<2> (PAD)
  Destination:       current_state_0 (FF)
  Destination Clock: clk rising

  Data Path: row<2> to current_state_0
                                Gate     Net
    Cell:in->out      fanout   Delay   Delay  Logical Name (Net Name)
    ----------------------------------------  ------------
     IBUF:I->O             2   1.222   0.961  row_2_IBUF (row_2_IBUF)
     LUT5:I0->O            7   0.203   1.002  GND_3_o_GND_3_o_AND_19_o11 (GND_3_o_GND_3_o_AND_19_o1)
     LUT3:I0->O            2   0.205   0.864  Mmux_current_state[3]_PWR_3_o_Mux_87_o152 (Mmux_current_state[3]_PWR_3_o_Mux_87_o151)
     LUT6:I2->O            1   0.203   0.808  Mmux_current_state[3]_PWR_3_o_Mux_87_o154_SW1 (N8)
     LUT5:I2->O            1   0.205   0.000  Mmux_current_state[3]_PWR_3_o_Mux_87_o155 (next_state<0>)
     FDR:D                     0.102          current_state_0
    ----------------------------------------
    Total                      5.775ns (2.140ns logic, 3.635ns route)
                                       (37.1% logic, 62.9% route)

=========================================================================
Timing constraint: Default OFFSET IN BEFORE for Clock 'current_state[3]_PWR_16_o_Mux_94_o'
  Total number of paths / destination ports: 23 / 2
-------------------------------------------------------------------------
Offset:              5.783ns (Levels of Logic = 5)
  Source:            row<2> (PAD)
  Destination:       prossimo_tentativo (LATCH)
  Destination Clock: current_state[3]_PWR_16_o_Mux_94_o falling

  Data Path: row<2> to prossimo_tentativo
                                Gate     Net
    Cell:in->out      fanout   Delay   Delay  Logical Name (Net Name)
    ----------------------------------------  ------------
     IBUF:I->O             2   1.222   0.961  row_2_IBUF (row_2_IBUF)
     LUT5:I0->O            7   0.203   1.002  GND_3_o_GND_3_o_AND_19_o11 (GND_3_o_GND_3_o_AND_19_o1)
     LUT5:I2->O            3   0.205   0.898  Mmux_current_state[3]_X_3_o_Mux_91_o111 (Mmux_current_state[3]_X_3_o_Mux_91_o11)
     LUT5:I1->O            6   0.203   0.849  controllore_inserimento/S1 (password_corretta)
     LUT3:I1->O            1   0.203   0.000  Mmux_current_state[3]_X_3_o_Mux_95_o11 (current_state[3]_X_3_o_Mux_95_o)
     LD:D                      0.037          prossimo_tentativo
    ----------------------------------------
    Total                      5.783ns (2.073ns logic, 3.710ns route)
                                       (35.8% logic, 64.2% route)

=========================================================================
Timing constraint: Default OFFSET IN BEFORE for Clock 'contatore_tentativi/clk_star'
  Total number of paths / destination ports: 36 / 2
-------------------------------------------------------------------------
Offset:              7.032ns (Levels of Logic = 5)
  Source:            row<2> (PAD)
  Destination:       contatore_tentativi/c1/counter_up_0 (FF)
  Destination Clock: contatore_tentativi/clk_star rising

  Data Path: row<2> to contatore_tentativi/c1/counter_up_0
                                Gate     Net
    Cell:in->out      fanout   Delay   Delay  Logical Name (Net Name)
    ----------------------------------------  ------------
     IBUF:I->O             2   1.222   0.961  row_2_IBUF (row_2_IBUF)
     LUT5:I0->O            7   0.203   1.002  GND_3_o_GND_3_o_AND_19_o11 (GND_3_o_GND_3_o_AND_19_o1)
     LUT5:I2->O            3   0.205   0.898  Mmux_current_state[3]_X_3_o_Mux_91_o111 (Mmux_current_state[3]_X_3_o_Mux_91_o11)
     LUT5:I1->O            6   0.203   1.089  controllore_inserimento/S1 (password_corretta)
     LUT6:I1->O            2   0.203   0.616  Mmux_current_state[3]_X_3_o_Mux_91_o12 (rst_tentativi)
     FDR:R                     0.430          contatore_tentativi/c1/counter_up_0
    ----------------------------------------
    Total                      7.032ns (2.466ns logic, 4.566ns route)
                                       (35.1% logic, 64.9% route)

=========================================================================
Timing constraint: Default OFFSET OUT AFTER for Clock 'clk'
  Total number of paths / destination ports: 8 / 1
-------------------------------------------------------------------------
Offset:              7.255ns (Levels of Logic = 4)
  Source:            current_state_3 (FF)
  Destination:       porta_aperta (PAD)
  Source Clock:      clk rising

  Data Path: current_state_3 to porta_aperta
                                Gate     Net
    Cell:in->out      fanout   Delay   Delay  Logical Name (Net Name)
    ----------------------------------------  ------------
     FDR:C->Q             14   0.447   1.062  current_state_3 (current_state_3)
     LUT5:I3->O            3   0.203   0.898  Mmux_current_state[3]_X_3_o_Mux_91_o111 (Mmux_current_state[3]_X_3_o_Mux_91_o11)
     LUT5:I1->O            6   0.203   1.089  controllore_inserimento/S1 (password_corretta)
     LUT6:I1->O            1   0.203   0.579  Mmux_current_state[3]_PWR_3_o_Mux_87_o1 (porta_aperta_OBUF)
     OBUF:I->O                 2.571          porta_aperta_OBUF (porta_aperta)
    ----------------------------------------
    Total                      7.255ns (3.627ns logic, 3.628ns route)
                                       (50.0% logic, 50.0% route)

=========================================================================
Timing constraint: Default OFFSET OUT AFTER for Clock 'current_state[3]_PWR_16_o_Mux_94_o'
  Total number of paths / destination ports: 1 / 1
-------------------------------------------------------------------------
Offset:              5.826ns (Levels of Logic = 3)
  Source:            inserimento_corretto (LATCH)
  Destination:       porta_aperta (PAD)
  Source Clock:      current_state[3]_PWR_16_o_Mux_94_o falling

  Data Path: inserimento_corretto to porta_aperta
                                Gate     Net
    Cell:in->out      fanout   Delay   Delay  Logical Name (Net Name)
    ----------------------------------------  ------------
     LD:G->Q               1   0.498   0.684  inserimento_corretto (inserimento_corretto)
     LUT5:I3->O            6   0.203   1.089  controllore_inserimento/S1 (password_corretta)
     LUT6:I1->O            1   0.203   0.579  Mmux_current_state[3]_PWR_3_o_Mux_87_o1 (porta_aperta_OBUF)
     OBUF:I->O                 2.571          porta_aperta_OBUF (porta_aperta)
    ----------------------------------------
    Total                      5.826ns (3.475ns logic, 2.351ns route)
                                       (59.6% logic, 40.4% route)

=========================================================================
Timing constraint: Default path analysis
  Total number of paths / destination ports: 21 / 2
-------------------------------------------------------------------------
Delay:               9.136ns (Levels of Logic = 6)
  Source:            row<2> (PAD)
  Destination:       porta_aperta (PAD)

  Data Path: row<2> to porta_aperta
                                Gate     Net
    Cell:in->out      fanout   Delay   Delay  Logical Name (Net Name)
    ----------------------------------------  ------------
     IBUF:I->O             2   1.222   0.961  row_2_IBUF (row_2_IBUF)
     LUT5:I0->O            7   0.203   1.002  GND_3_o_GND_3_o_AND_19_o11 (GND_3_o_GND_3_o_AND_19_o1)
     LUT5:I2->O            3   0.205   0.898  Mmux_current_state[3]_X_3_o_Mux_91_o111 (Mmux_current_state[3]_X_3_o_Mux_91_o11)
     LUT5:I1->O            6   0.203   1.089  controllore_inserimento/S1 (password_corretta)
     LUT6:I1->O            1   0.203   0.579  Mmux_current_state[3]_PWR_3_o_Mux_87_o1 (porta_aperta_OBUF)
     OBUF:I->O                 2.571          porta_aperta_OBUF (porta_aperta)
    ----------------------------------------
    Total                      9.136ns (4.607ns logic, 4.529ns route)
                                       (50.4% logic, 49.6% route)

=========================================================================

Cross Clock Domains Report:
--------------------------

Clock to Setup on destination clock clk
----------------------------------+---------+---------+---------+---------+
                                  | Src:Rise| Src:Fall| Src:Rise| Src:Fall|
Source Clock                      |Dest:Rise|Dest:Rise|Dest:Fall|Dest:Fall|
----------------------------------+---------+---------+---------+---------+
clk                               |    3.865|         |         |         |
contatore_tentativi/clk_star      |    1.780|         |         |         |
current_state[3]_PWR_16_o_Mux_94_o|         |    2.437|         |         |
----------------------------------+---------+---------+---------+---------+

Clock to Setup on destination clock contatore_tentativi/clk_star
----------------------------------+---------+---------+---------+---------+
                                  | Src:Rise| Src:Fall| Src:Rise| Src:Fall|
Source Clock                      |Dest:Rise|Dest:Rise|Dest:Fall|Dest:Fall|
----------------------------------+---------+---------+---------+---------+
clk                               |    5.151|         |         |         |
contatore_tentativi/clk_star      |    2.627|         |         |         |
current_state[3]_PWR_16_o_Mux_94_o|         |    3.723|         |         |
----------------------------------+---------+---------+---------+---------+

Clock to Setup on destination clock current_state[3]_PWR_16_o_Mux_94_o
----------------------------------+---------+---------+---------+---------+
                                  | Src:Rise| Src:Fall| Src:Rise| Src:Fall|
Source Clock                      |Dest:Rise|Dest:Rise|Dest:Fall|Dest:Fall|
----------------------------------+---------+---------+---------+---------+
clk                               |         |         |    3.902|         |
contatore_tentativi/clk_star      |         |         |    1.373|         |
current_state[3]_PWR_16_o_Mux_94_o|         |         |    2.474|         |
----------------------------------+---------+---------+---------+---------+

=========================================================================


Total REAL time to Xst completion: 4.00 secs
Total CPU time to Xst completion: 4.48 secs
 
--> 

Total memory usage is 4510216 kilobytes

Number of errors   :    0 (   0 filtered)
Number of warnings :   20 (   0 filtered)
Number of infos    :    1 (   0 filtered)

